[   0.000000 Lnux version.15.0--gneric (buildd@lgw01-amd64-001) (gcc version 7.3.0 (Ubuntu 7.3.0-16ubuntu3)) #50-Ubuntu SMP Wed Mar 13 10:44:52 UTC 2019 (Ubuntu 4.15.0-47.50-generic 4.15.18)
[    0.000000] Command line: BOOT_IMA=/boot/vmlinuz-4.15.0-47-generic root=LABEL=cloudimg-rootfs ro console=tt1 onse=tyS0
   0.000000] KERNEL supported cpus:
[    0.000000]   Intel GenuineIntel
[    0.000000]   AMD AuthetiAMD
[    0.000000]   Centaur CentaurHauls
[    0.000000] x86/fpu: Supporting XSAVE feature 0x001: 'x87 floating point registers'
[    0.000000] x86/fpu: Supporting XSAVE feature 0x002: 'SSE registers'
[    0.000000] x86/fpu: Supporting XSAVE feature 0x004: 'AVX registers'
[    0.000000] x86/fpu: xstate_offset[2]:  576, xstate_sizes[2]:  256
[    0.000000] x86/fpu: abled tate features 0x7, context size is 832 bytes, using 'standard' format.
[    0.000000] e820: BIOS-provided physical RAM map:
[    0.000000] BIOS-e820: [mem 0x0000000000000000-0x000000000009fbff] usable
[    0.000000] BIOS-e820: [mem 0x000000000009fc00-0x000000000009ffff] reserved
[    0.000000] BIOS-e820: [mm 0x00000000000f0000-0x00000000000fffff] reserved
[    0.000000] BIOS-e820: [mem 0x0000000000100000-0x000000003ffeffff] usable
[    0.000000] BIOS-e820: [mem 0x000000003fff0000-0x000000003fffffff] ACPI data
[    0.000000] BIOS-e820: [mem 0x00000000fec00000-0x00000000fec00fff] reserved
[    0.000000] BIOS-e820: [mem 0x00000000fee00000-0x00000000fee00fff] reserved
[    .000000] BIOS-e820: [mem 0x00000000fffc0000-0x00000000ffffffff] reserved
[    0.000000] NX (Execute Disable) protection: active
[    0.000000] SMBIOS 2.5 present.
[    0.000000] DMI: innotek GmbH VirtualBox/VirtualBox, BIOS VirtualBox 12/01/2006
[    0.000000] Hypervisor detect: KVM
[    0.00000]82: last_pfn = 0x3fff0 max_arch_pfn = 0x400000000
[    0.000000] MTRR: Disabled
[    0.000000] x86/PAT: MTRRs disabled, skipping PAT initialization too.
[    0.000000] CPU MTRRs all blank - virtualized system.
[    0.000000] x86/PAT: Configuration [0-7]: WB  WT  UC- UC  WB  WT  UC- UC  
[    0.000000] found SMP MP-table at [mem 0x0009fff0-0x0009ffff] mapped at [        (ptrval)]
[    0.000000] Scanning 1 areas for low memory corruption
[    0.000000] RAMDISK: [mem 0x359cb000-0x36cdcfff]
[    0.000000] ACPI: Early table checksum verification disabled
[    0.000000] ACPI: RSDP 0x000000000000000 002 (v02 VBO  )
[    0.000000] ACPI: XSDT 0000000003FFF00300003C (v01 VBOX   VBOXXSDT 00000001 ASL  00000061)
[  0.000000] ACPI: FACP 0x000000003FFF00F0 0000F4 (v04 VBOX   VBOXFACP 00000001 ASL  00000061)
[    0.000000] ACPI: DSDT 0x000000003FFF0470 0021FF (v02 VBOX   VBOXBIOS 00000002 INTL 20100528)
[    0.000000] ACPI: FACS 0x000000003FFF0200 000040
[    0.000000] ACPI: FACS 0x000000003FFF0200 000040
[    0.000000] ACPI: APIC 0x000000003FFF0240 00005C (v02 VBOX   VOXPIC 00000001 ASL  00000061)
[    0.000000] ACPI: SSDT 0x000000003FFF02A0 0001CC (v0 VOX   BOCPUT 00000002 INTL 20100528)
[    0.000000] No NUMA configuration found
[    0.0000] Faking a node at [mem 0x0000000000000000-0x000000003ffeffff]
[    0.000000] NODE_DATA(0) allocated [mem 0x3ffc5000-0x3ffeffff]
[    0.000000] kvm-clock: cpu 0, msr 0:3ff44001, primary cpu clock
[    0.000000] kvm-clock: Using msrs 4b564d01 and 4b564d00
[    0.000000] kvm-clock: using sched offset of 4908759095 cycles
[    0.000000] clocksoce: kvm-cck: mask: 0xffffffffffffffff max_cycles: 0x1cd42e4dffb, max_idle_n: 8815905483 ns
[    0.000000] Zone ranges:
[    0.000000]   D     [em 0000000000001000-0x0000000000fffffff]
   0.000]   DM2    [mem 0x00000001000000-0x00000003ffeffff]
[    0.000000]   Normal   empty
[    0.000000]   Device   empty
[   0.00000 Movable zo sart for each node
[    0.000000]Ealy mor  node ranges
  0.00000]  node   0: [mem 0x0000000000001000-0x000000000009efff]
[    0.000000]   node   0: [mem 0x0000000000100000-0x000000003ffeffff]
[    0.000000] Reserved but unavailable: 114 pages
[    0.000000] Initmem setup node 0 [mem 0x0000000000001000-0x000000003ffeffff]
[    0.000000] ACPI: PM-Timer IO Port: 0x08
[    0.000000] IOAPIC[0]: apic_id 2, version 32, address 0xfec00000, GSI 0-23
[    0.00000 ACPI: INT_SRC_OVR (bu0 bus_iq  global_irq 2 dfl dfl)
[    0.000000] ACPI: INT_SRC_OVR (bus 0 bus_irq 9 global_irq 9 low level)
[    0.000000] Using ACPI (MADT) for SMP configuration infrmtion
[    0.000000] smpboot: Allowing 2 CPUs, 0 hotplug CPUs
[    0.000000] PM: Registered nosave mery: [mem 0x0000000-0x00000fff]
[    0.00000] PM: Registered nosave memory: [mem 0x0009f000-0x0009ffff]
[    0.000000] PM: Registered nosave memory: [mem 0x000a0000-0x000effff]
[    0.000000] PM: Registere nosave memory: [mem 0x000f0000-0x000fffff]
[    0.000000] e820: [mem 0x40000000-0xfebfffff] available for PCI deics
[    00000] Botng paravirtualized kernel on VM
[  0.000000] clocksource: refined-jiffies: mask: 0xffffffff max_cycles: 0xffffffff, max_idle_ns: 7645519600211568 n
[    0.000000] random: get_randm_ytes calledrom srt_kernel+0x99/0x4fd with crng_init=0
[    0.00000 setup_percpu: NR_CPUS:8192 nr_cpumask_bits:2 nr_cpu_ids:2 nr_node_ids:1
[    0.000000] percpu: Embedded 46 pages/cpu @        (ptrval) s151552 r8192 d28672 u1048576
[    0.000000] PVqsinlock hash table entries: 256 (order:  4096 bytes)
[    0.000000] Built 1 zonelists, mobity gouping on.  Total pages: 257913
[    0.000000] Policy zone: DMA32
[    0.000000] Kernel command line: BOT_IMAG/boot/vmlinuz-4.15.0-47-generic root=LABEL=cloudimg-rootfs ro console=tty1 console=ttyS0
[    0.000000] Memory: 983056K/1048120K available (12300K kernel code, 2473K rwdata, 4252K rodata, 2408K init, 2416K bss, 65064K reserved, 0K cma-reserved)
[    0.000000] SLUB: HWalign=64, Order=0-3, MinObjects=0, CPUs=2, Nodes=1
[    0.000000] Kernel/User page tables isolation: enabled
[    0.000000] ftrace: allocating 39206 entries in 154 pages
[   0.0000] Hierarchical RCU implementation.
[    0.004000] 	RCU restricting CPUs from NR_CPUS=8192 to nr_cpu_ids=2.
[    0.004000] 	Tasks RCU enabled.
[    0.004000] RCU: Adjusting geometry for rcu_fanout_leaf=16, nr_cpu_ids=2
[    0.004000] NR_IRQS: 524544, nr_qs: 440, preallocated irqs: 16
[    0.004000] Console: colour VGA+ 80x25
[    0.004000] console [tty1] enabled
[    0.004000] console [ttyS0] enabled
[   0.004000] ACPI: Core revision 20170831
[    0.004000] ACPI: 2 ACPI AML tables successfully acquired and loaded
[    0.004000] APIC: Switch to symmetric I/O mode setup
[    0.005151] x2apic enabled
[    0.008062] Switched APIC routing to physical x2ppic.
[    0.012887] ..TIMER: vector=0x30 apic1=0 pin1=2 apic2=-1 pin2=-1
[    0.016007] tsc: Detected 2304.000 MHz processor
[    0.017392] Calibrating delay loop (skipped) preset value.. 4608.00 BogoMIPS (lpj=9216000)
[    0.020004] pid_max: default: 32768 minimum: 301
[    0.024041] Security Framework initialized
[    0.025285] Yama: becoming mindful.
[    0.028024] AppArmor: AppArmor initialized
[    0.033640] Dentry cache hash table entries: 131072 (order: 8, 1048576 bytes)
[    0.035812] Inode-cache hash table entries: 65536 (order: 7, 524288 bytes)
[    0.036017] Mount-cache hash table entries: 2048 (order: 2, 16384 bytes)
[    0.040006] Mountpoint-cache hash table entries: 2048 (order: 2, 16384 bytes)
[    0.044213] mce: CPU supports 0 MCE banks
[    0.045460] Last level iTLB entries: 4KB 64, 2MB 8, 4MB 8
[    0.048002] Last level dTLB entries: 4KB 64, 2MB 0, 4MB 0, 1GB 4
[    0.049777] Spectre V2 : Mitigation: Full generic retpoline
[    0.052002] Spectre V2 : Spectre v2 / SpectreRSB mitigation: Filling RSB on context switch
[    0.056004] Speculative Store Bypass: Vulnerable
[    0.060084] Freeing SMP alternatives memory: 36K
[    0.068000] smpboot: CPU0: Intel(R) Core(TM) i5-7360U CPU @ 2.30GHz (family: 0x6, model: 0x8e, stepping: 0x9)
[    0.068086] Performance Events: unsupported p6 CPU model 142 no PMU driver, software events only.
[    0.070735] Hierarchical SRCU implementation.
[    0.072550] NMI watchdog: Perf event create on CPU 0 failed with -2
[    0.076002] NMI watchdog: Perf NMI watchdog permanently disabled
[    0.077806] smp: Bringing up secondary CPUs ...
[    0.080112] x86: Booting SMP configuration:
[    0.084008] .... node  #0, CPUs:      #1
[    0.004000] kvm-clock: cpu 1, msr 0:3ff44041, secondary cpu clock
[    0.004000] mce: CPU supports 0 MCE banks
[    0.092026] smp: Brought up 1 node, 2 CPUs
[    0.096009] smpboot: Max logical packages: 1
[    0.100005] smpboot: Total of 2 processors activated (9216.00 BogoMIPS)
[    0.104138] devtmpfs: initialized
[    0.108064] x86/mm: Memory block size: 128MB
[    0.112148] evm: security.selinux
[    0.116009] evm: security.SMACK64
[    0.120002] evm: security.SMACK64EXEC
[    0.124005] evm: security.SMACK64TRANSMUTE
[    0.125241] evm: security.SMACK64MMAP
[    0.128006] evm: security.apparmor
[    0.132004] evm: security.ima
[    0.136003] evm: security.capability
[    0.140096] clocksource: jiffies: mask: 0xffffffff max_cycles: 0xffffffff, max_idle_ns: 7645041785100000 ns
[    0.144020] futex hash table entries: 512 (order: 3, 32768 bytes)
[    0.148084] pinctrl core: initialized pinctrl subsystem
[    0.153506] RTC time: 11:08:54, date: 04/06/19
[    0.156214] NET: Registered protocol family 16
[    0.160096] audit: initializing netlink subsys (disabled)
[    0.168006] audit: type=2000 audit(1554548936.153:1): state=initialized audit_enabled=0 res=1
[    0.336012] cpuidle: using governor ladder
[    0.340009] cpuidle: using governor menu
[    0.341025] ACPI: bus type PCI registered
[    0.341997] acpiphp: ACPI Hot Plug PCI Controller Driver version: 0.5
[    0.344198] PCI: Using configuration type 1 for base access
[    0.345960] HugeTLB registered 2.00 MiB page size, pre-allocated 0 pages
[    0.348116] ACPI: Added _OSI(Module Device)
[    0.352003] ACPI: Added _OSI(Processor Device)
[    0.353349] ACPI: Added _OSI(3.0 _SCP Extensions)
[    0.354590] ACPI: Added _OSI(Processor Aggregator Device)
[    0.356005] ACPI: Added _OSI(Linux-Dell-Video)
[    0.357075] ACPI: Added _OSI(Linux-Lenovo-NV-HDMI-Audio)
[    0.360008] ACPI: Added _OSI(Linux-HPI-Hybrid-Graphics)
[    0.365324] ACPI: Executed 1 blocks of module-level executable AML code
[    0.378225] ACPI: Interpreter enabled
[    0.380044] ACPI: (supports S0 S5)
[    0.381872] ACPI: Using IOAPIC for interrupt routing
[    0.384509] PCI: Using host bridge windows from ACPI; if necessary, use "pci=nocrs" and report a bug
[    0.388383] ACPI: Enabled 2 GPEs in block 00 to 07
[    0.405826] ACPI: PCI Root Bridge [PCI0] (domain 0000 [bus 00-ff])
[    0.408018] acpi PNP0A03:00: _OSC: OS supports [ASPM ClockPM Segments MSI]
[    0.412047] acpi PNP0A03:00: _OSC: not requesting OS control; OS requires [ExtendedConfig ASPM ClockPM MSI]
[    0.416033] acpi PNP0A03:00: fail to add MMCONFIG information, can't access extended PCI configuration space under this bridge.
[    0.420507] PCI host bridge to bus 0000:00
[    0.421761] pci_bus 0000:00: root bus resource [io  0x0000-0x0cf7 window]
[    0.424003] pci_bus 0000:00: root bus resource [io  0x0d00-0xffff window]
[    0.428008] pci_bus 0000:00: root bus resource [mem 0x000a0000-0x000bffff window]
[    0.432008] pci_bus 0000:00: root bus resource [mem 0x40000000-0xfdffffff window]
[    0.436006] pci_bus 0000:00: root bus resource [bus 00-ff]
[    0.447143] pci 0000:00:01.1: legacy IDE quirk: reg 0x10: [io  0x01f0-0x01f7]
[    0.448005] pci 0000:00:01.1: legacy IDE quirk: reg 0x14: [io  0x03f6]
[    0.452010] pci 0000:00:01.1: legacy IDE quirk: reg 0x18: [io  0x0170-0x0177]
[    0.456007] pci 0000:00:01.1: legacy IDE quirk: reg 0x1c: [io  0x0376]
[    0.476630] pci 0000:00:07.0: quirk: [io  0x4000-0x403f] claimed by PIIX4 ACPI
[    0.480023] pci 0000:00:07.0: quirk: [io  0x4100-0x410f] claimed by PIIX4 SMB
[    0.495537] ACPI: PCI Interrupt Link [LNKA] (IRQs 5 9 10 *11)
[    0.496318] ACPI: PCI Interrupt Link [LNKB] (IRQs 5 9 *10 11)
[    0.500146] ACPI: PCI Interrupt Link [LNKC] (IRQs 5 *9 10 11)
[    0.504193] ACPI: PCI Interrupt Link [LNKD] (IRQs 5 9 10 *11)
[    0.506288] SCSI subsystem initialized
[    0.508072] pci 0000:00:02.0: vgaarb: setting as boot VGA device
[    0.512000] pci 0000:00:02.0: vgaarb: VGA device added: decodes=io+mem,owns=io+mem,locks=none
[    0.512007] pci 0000:00:02.0: vgaarb: bridge control possible
[    0.516002] vgaarb: loaded
[    0.520042] ACPI: bus type USB registered
[    0.524025] usbcore: registered new interface driver usbfs
[    0.528009] usbcore: registered new interface driver hub
[    0.532041] usbcore: registered new device driver usb
[    0.536021] EDAC MC: Ver: 3.0.0
[    0.544262] PCI: Using ACPI for IRQ routing
[    0.548399] NetLabel: Initializing
[    0.552002] NetLabel:  domain hash size = 128
[    0.556003] NetLabel:  protocols = UNLABELED CIPSOv4 CALIPSO
[    0.560019] NetLabel:  unlabeled traffic allowed by default
[    0.561695] clocksource: Switched to clocksource kvm-clock
[    0.58733VFS: Disk quotas dquo_6.0[  098945] VFS: Dquot-che hash table entries: 512orr 0, 4096 bytes)
[    1.082388] AppArmor: AppArmor Filesystem Enabled
[    1.083833] pnp: PnP ACPI init
[  1866]npPnACPIfod dece

[  1.562361] clocksour: cpi_p mk:xffff max_cycles: 0xffffff, max_idle_ns: 2085701024 ns

[    1.846327] NET: Regisreprocol family 2

[    2.011848] TCP established hash table entries: 819 (order: 4, 65536 bytes)
[    2.053341] TCP bind hash table entries: 892 (order: 5, 131072 bytes)
[    2.085482] TCP: Hash tables configured (established 8192 bind 81)  2.07] P sh tlentes51(oer: 2, 16384 bytes)
[    2.676165] UDP-Lite hash table entries: 512 (order: 2, 16384 bytes)
[    2.678091] NET: Registered protocol family 1
[    2.679416] pci 0000:00:00.0: Limiting direct PCI/PCI transfers
[  2.681234] pci 0000:00:01.0: Activating ISA A ngorkarounds
[    2.851916] pci 0000:00:02.0: Video device with shadowed ROM at [mem 0x000c0000-0x000dffff]

[    2545]npki itramfs...

[    3.396068] Freeing initrd memory: 19528K
[    3.404939] platform rtc_cmos: registered platform RTC device (no PNP device found)
[    3.407234] Scanning for low memory corruption every 60 seconds
[    3.482976] Initialise system trusted keyrings
[    3.490125] Key type blacklist registered
[    3.491468] workingset: timestamp_bits=36 max_order=18 bucket_order=0
[    3.548436] zbud: loaded
[    3.555184] squashfs: version 4.0 (2009/01/31) Phillip Lougher
[    3.578873] fuse init (API version 7.26)
[    3.594657] Key type asymmetric registered
[    3.595682] Asymmetric key parser 'x509' registered
[    3.596947] Block layer SCSI generic (bsg) driver version 0.4 loaded (major 246)
[    3.598829] io scheduler noop registered
[    3.599779] io scheduler deadline registered
[    3.600980] io scheduler cfq registered (default)
[    3.602603] ACPI: AC Adapter [AC] (on-line)
[    3.603968] input: Power Button as /devices/LNXSYSTM:00/LNXPWRBN:00/input/input0
[    3.644161] ACPI: Power Button [PWRF]
[    3.670328] input: Sleep Button as /devices/LNXSYSTM:00/LNXSLPBN:00/input/input1
[    3.730067] ACPI: Sleep Button [SLPF]
[    3.754695] Serial: 8250/16550 driver, 32 ports, IRQ sharing enabled
[    3.756330] ACPI: Battery Slot [BAT0] (battery present)
[    3.782062] 00:02: ttyS0 at I/O 0x3f8 (irq = 4, base_baud = 115200) is a 16550A
[    3.836672] Linux agpgart interface v0.103
[    3.838948] loop: module loaded
[    3.846372] scsi st a_px
[   .039185] scsi host1ata_piix
[    4.135407] ata1: PATA max UDMA/33 cmd 0x1f0 ctl 0x3f6 bmdma 0xd000 irq 14
[    4.137457] ata2: PATA max UDMA/33 cmd 0x170 ctl 0x376 bmdma 0xd008 irq 15

[    4.139606] libphy: Fix MDIO Bus: probed

[    4.193136] tun: Universal TUN/TAP device driver, 1.6
[    4.194905] PPP generic driver version 2.4.2
[    4.196270] ehci_hcd: USB 2.0 'Enhanced' Host Controller (EHCI) Driver
    4.19838] ehci-pci: EHCI PCI platformdriver
[  4.296764] ehci-platform: EHCI generic platform driver
[    4.355950] ohci_hcd: USB 1.1 'Open' Host Controller (OHCI) Driver
[    4.357811] ohci-pci: OHCI PCI platform driver
[    4.359168] ohci-platform: OHCI generic platform driver
[    4.360757] uhci_hcd: USB Universal Host Controller Interface driver
[    4.362691] i42PN P2 ntll [PNP0303:PS2K,PNP0f03:PS2M] at 0x60,0x64 irq 1,12
[    4.663683] tsc: Refined TSC clocksource calibration: 2305.324 MHz
[[    4.665628] clocksource: tsc: mask: 0xffffffffffffffff max_cycles: 0x213ada7d123, max_idle_ns: 440795270794 ns
[    4.674339] serio: i8042 KBD port at 0x60,0x64 irq 1
[    4.733515] serio: i8042 AUX port at 0x60,0x64 irq 12
[    4.735334] mousedev: PS/2 mouse device common for all mice
[    4.844384] input: AT Translated Set 2 keyboard as /devices/platform/i8042/serio0/input/input2
[    4.849902] rtc_cmos rtc_cmos: rtc core: registered rtc_cmos as rtc0
[    4.849952] rtc_cmos rtc_cmos: alarms up to one day, 114 bytes nvram
[    4.849959] i2c /dev entries driver
[    4.849963] pcie_mp2_amd: AMD(R) PCI-E MP2 Communication Driver Version: 1.0
[    4.850035] device-mapper: uevent: version 1.0.3
[    4.850074] device-mapper: ioctl: 4.37.0-ioctl (2017-09-20) initialised: dm-devel@redhat.com
[    5.284573] ledtrig-cpu: registered to indicate activity on CPUs
[    5.286893] NET: Registered protocol family 10
[    5.292199] Segment Routing with IPv6
[    5.293552] NET: Registered protocol family 17
[    5.295157] Key type dns_resolver registered
[    5.296899] RAS: Correctable Errors collector initialized.
[    5.298737] sched_clock: Marking stable (5296835898, 0)->(10704298458, -5407462560)
[    5.340902] registered taskstats version 1
[    5.345680] Loading compiled-in X.509 certificates
[    5.368386] Loaded X.509 cert 'Build time autogenerated kernel key: 7211859d1298c08a101905a3cb814e8c7b4bf4a4'
[    5.402127] zswap: loaded using pool lzo/zbud
[    5.415197] Key type big_key registered
[    5.417671] Key type trusted registered
[    5.420510] Key type encrypted registered
[    5.424870] AppArmor: AppArmor sha1 policy hashing enabled
[    5.428611] ima: No TPM chip found, activating TPM-bypass! (rc=-19)
[    5.437774] ima: Allocated hash algorithm: sha1
[    5.441176] evm: HMAC attrs: 0x1
[    5.443500]   Magic number: 15:666:124
[    5.445450] rtc_cmos rtc_cmos: setting system clock to 2019-04-06 11:09:00 UTC (1554548940)
[    5.449896] BIOS EDD facility v0.16 2004-Jun-25, 0 devices found
[    5.462009] EDD information not available.
[    5.467149] Freeing unused kernel memory: 2408K
[    5.496447] Write protecting the kernel read-only data: 20480k
[    5.511702] Freeing unused kernel memory: 2008K
[    5.521038] Freeing unused kernel memory: 1892K
[    5.578181] x86/mm: Checked W+X mappings: passed, no W+X pages found.
[    5.604698] x86/mm: Checking user space page tables
[    5.619816] x86/mm: Checked W+X mappings: passed, no W+X pages found.
Loading, please wait...
starting version 237
[    5.731487] e1000: Intel(R) PRO/1000 Network Driver - version 7.3.21-k8-NAPI
[    5.733732] e1000: Copyright (c) 1999-2006 Intel Corporation.
[    5.742843] Fusion MPT base driver 3.04.20
[    5.743956] Copyright (c) 1999-2008 LSI Corporation
[    5.753894] vboxvideo: loading out-of-tree module taints kernel.
[    5.755816] vboxvideo: module verification failed: signature and/or required key missing - tainting kernel
[    5.762939] Fusion MPT SPI Host driver 3.04.20
[    5.772005] AVX2 version of gcm_enc/dec engaged.
[    5.773297] AES CTR mode by8 optimization enabled
[    5.957204] input: ImExPS/2 Generic Explorer Mouse as /devices/platform/i8042/serio1/input/input4
[    6.157553] e1000 0000:00:03.0 eth0: (PCI:33MHz:32-bit) 02:1e:30:9c:a3:c0
[    6.389354] e1000 0000:00:03.0 eth0: Intel(R) PRO/1000 Network Connection
[    6.423586] [drm] VRAM 01000000
[    6.424961] [TTM] Zone  kernel: Available graphics memory: 504464 kiB
[    6.430416] [TTM] Initializing pool allocator
[    6.440908] [TTM] Initializing DMA pool allocator
[    6.443660] fbcon: vboxdrmfb (fb0) is primary device
[    6.445707] Console: switching to colour frame buffer device 100x37
[    6.449805] vboxvideo 0000:00:02.0: fb0: vboxdrmfb frame buffer device
[    6.468123] [drm] Initialized vboxvideo 1.0.0 20130823 for 0000:00:02.0 on minor 0
[    6.473899] mptbase: ioc0: Initiating bringup
[    6.573215] ioc0: LSI53C1030 A0: Capabilities={Initiator}
[    6.940841] scsi host2: ioc0: LSI53C1030 A0, FwRev=00000000h, Ports=1, MaxQ=256, IRQ=20
[    7.310501] scsi 2:0:0:0: Direct-Access     VBOX     HARDDISK         1.0  PQ: 0 ANSI: 5
[    7.712154] scsi target2:0:0: Beginning Domain Validation
[    7.730547] scsi target2:0:0: Domain Validation skipping write tests
[    7.737348] scsi target2:0:0: Ending Domain Validation
[    7.738503] scsi target2:0:0: asynchronous
[    7.740093] random: fast init done
[    7.741285] scsi 2:0:1:0: Direct-Access     VBOX     HARDDISK         1.0  PQ: 0 ANSI: 5
[    7.743647] e1000 0000:00:08.0 eth1: (PCI:33MHz:32-bit) 08:00:27:cc:de:b0
[    7.743672] random: systemd-udevd: uninitialized urandom read (16 bytes read)
[    7.743688] random: systemd-udevd: uninitialized urandom read (16 bytes read)
[    7.743690] random: systemd-udevd: uninitialized urandom read (16 bytes read)
[    8.192106] e1000 0000:00:08.0 eth1: Intel(R) PRO/1000 Network Connection
[    8.301870] e1000 0000:00:03.0 enp0s3: renamed from eth0
[    8.364457] scsi target2:0:1: Beginning Domain Validation
[    8.380740] scsi target2:0:1: Domain Validation skipping write tests
[    8.382071] e1000 0000:00:08.0 enp0s8: renamed from eth1
[    8.407296] scsi target2:0:1: Ending Domain Validation
[    8.422010] scsi target2:0:1: asynchronous
[    8.463086] sd 2:0:0:0: Attached scsi generic sg0 type 0
[    8.470921] sd 2:0:1:0: Attached scsi generic sg1 type 0
[    8.471366] sd 2:0:1:0: [sdb] 20480 512-byte logical blocks: (10.5 MB/10.0 MiB)
[    8.471384] sd 2:0:0:0: [sda] 20971520 512-byte logical blocks: (10.7 GB/10.0 GiB)
[    8.471439] sd 2:0:0:0: [sda] Write Protect is off
[    8.471454] sd 2:0:1:0: [sdb] Write Protect is off
[    8.471594] sd 2:0:0:0: [sda] Incomplete mode parameter data
[    8.471595] sd 2:0:0:0: [sda] Assuming drive cache: write through
[    8.471605] sd 2:0:1:0: [sdb] Incomplete mode parameter data
[    8.471606] sd 2:0:1:0: [sdb] Assuming drive cache: write through
[    8.482458]  sda: sda1
[    8.483390] sd 2:0:0:0: [sda] Attached SCSI disk
[    8.483586] sd 2:0:1:0: [sdb] Attached SCSI disk
Begin: Loading essential drivers ... [    8.804101] raid6: sse2x1   gen() 12235 MB/s
[    8.852407] raid6: sse2x1   xor()  8931 MB/s
[    8.944184] raid6: sse2x2   gen() 15261 MB/s
[    8.996173] raid6: sse2x2   xor() 10250 MB/s
[    9.048291] raid6: sse2x4   gen() 17530 MB/s
[    9.100239] raid6: sse2x4   xor() 10431 MB/s
[    9.152298] raid6: avx2x1   gen() 24683 MB/s
[    9.204161] raid6: avx2x1   xor() 17022 MB/s
[    9.284573] raid6: avx2x2   gen() 29463 MB/s
[    9.352182] raid6: avx2x2   xor() 18514 MB/s
[    9.404586] raid6: avx2x4   gen() 34568 MB/s
[    9.456307] raid6: avx2x4   xor() 20938 MB/s
[    9.470706] raid6: using algorithm avx2x4 gen() 34568 MB/s
[    9.501985] raid6: .... xor() 20938 MB/s, rmw enabled
[    9.503573] raid6: using avx2x2 recovery algorithm
[    9.529625] xor: automatically using best checksumming function   avx       
[    9.662490] async_tx: api initialized (async)
done.
Begin: Running /scripts/init-premount ... done.
Begin: Mounting root file system ... Begin: Running /scripts/local-top ... done.
Begin: Running /scripts/local-premount ... [    9.731976] Btrfs loaded, crc32c=crc32c-intel
Scanning for Btrfs filesystems
done.
Warning: fsck not present, so skipping root file system
[    9.790490] EXT4-fs (sda1): INFO: recovery required on readonly filesystem
[    9.794702] EXT4-fs (sda1): write access will be enabled during recovery
[    9.932941] EXT4-fs (sda1): recovery complete
[    9.999241] EXT4-fs (sda1): mounted filesystem with ordered data mode. Opts: (null)
done.
Begin: Running /scripts/local-bottom ... done.
Begin: Running /scripts/init-bottom ... done.
[   10.275186] ip_tables: (C) 2000-2006 Netfilter Core Team
[   10.284256] systemd[1]: systemd 237 running in system mode. (+PAM +AUDIT +SELINUX +IMA +APPARMOR +SMACK +SYSVINIT +UTMP +LIBCRYPTSETUP +GCRYPT +GNUTLS +ACL +XZ +LZ4 +SECCOMP +BLKID +ELFUTILS +KMOD -IDN2 +IDN -PCRE2 default-hierarchy=hybrid)
[   10.374993] systemd[1]: Detected virtualization oracle.
[   10.382379] systemd[1]: Detected architecture x86-64.

Welcome to [1mUbuntu 18.04.2 LTS[0m!

[   10.425812] systemd[1]: Set hostname to <ubuntu-bionic>.
[   10.760188] systemd[1]: Reached target User and Group Name Lookups.
[[0;32m  OK  [0m] Reached target User and Group Name Lookups.
[   10.786210] systemd[1]: Reached target Swap.
[[0;32m  OK  [0m] Reached target Swap.
[   11.387853] systemd[1]: Created slice System Slice.
[[0;32m  OK  [0m] Created slice System Slice.
[   11.541109] systemd[1]: Created slice User and Session Slice.
[[0;32m  OK  [0m] Created slice User and Session Slice.
[   11.804971] systemd[1]: Listening on Journal Socket.
[[0;32m  OK  [0m] Listening on Journal Socket.
[   11.945864] systemd[1]: Starting Remount Root and Kernel File Systems...
         Starting Remount Root and Kernel File Systems...
         Starting Uncomplicated firewall...
[[0;32m  OK  [0m] Listening on Syslog Socket.
[[0;32m  OK  [0m] Listening on /dev/initctl Compatibility Named Pipe.
[[0;32m  OK  [0m] Listening on Network Service Netlink Socket.
[[0;32m  OK  [0m] Listening on LVM2 metadata daemon socket.
[   11.980368] EXT4-fs (sda1): re-mounted. Opts: (null)
[[0;32m  OK  [0m] Started Forward Password Requests to Wall Directory Watch.
[[0;32m  OK  [0m] Listening on LVM2 poll daemon socket.
[[0;32m  OK  [0m] Listening on udev Control Socket.
         Mounting POSIX Message Queue File System...
[[0;32m  OK  [0m] Created slice system-serial\x2dgetty.slice.
[[0;32m  OK  [0m] Set up automount Arbitrary Executabâ€¦rmats File System Automount Point.
[[0;32m  OK  [0m] Listening on udev Kernel Socket.
         Starting udev Coldplug all Devices...
         Starting Load Kernel Modules...
[[0;32m  OK  [0[   12.152059] Loading iSCSI transport class v2.0-870.
m] Reached target Slices.
         [   12.214756] iscsi: registered transport (tcp)
Starting Set the console keyboard layout...
         Starting Create list of required stâ€¦ce nodes for the current kernel...
[[0;32m  OK  [0m] Listening on [   12.237380] iscsi: registered transport (iser)
Device-mapper event daemon FIFOs.
         Mounting Kernel Debug File System...
         Starting Monitoring of LVM2 mirrorsâ€¦ng dmeventd or progress polling...
[[0;32m  OK  [0m] Listening on Journal Audit Socket.
[[0;32m  OK  [0m] Listening on Journal Socket (/dev/log).
         Starting Journal Service...
         Mounting Huge Pages File System...
[[0;32m  OK  [0m] Reached target System Time Synchronized.
[[0;32m  OK  [0m] Started Remount Root and Kernel File Systems.
[[0;32m  OK  [0m] Started Uncomplicated firewall.
[[0;32m  OK  [0m] Mounted POSIX Message Queue File System.
[[0;32m  OK  [0m] Started Load Kernel Modules.
[[0;32m  OK  [0m] Started Create list of required staâ€¦vice nodes for the current kernel.
[[0;32m  OK  [0m] Mounted Kernel Debug File System.
[[0;32m  OK  [0m] Mounted Huge Pages File System.
[[0;32m  OK  [0m] Started LVM2 metadata daemon.
         Starting Create Static Device Nodes in /dev...
         Mounting Kernel Configuration File System...
         Mounting FUSE Control File System...
         Starting Apply Kernel Variables...
         Starting Initial cloud-init job (pre-networking)...
         Starting Load/Save Random Seed...
[[0;32m  OK  [0m] Started Journal Service.
[[0;32m  OK  [0m] Started udev Coldplug all Devices.
[[0;32m  OK  [0m] Started Set the console keyboard layout.
[[0;32m  OK  [0m] Started Monitoring of LVM2 mirrors,â€¦sing dmeventd or progress polling.
[[0;32m  OK  [0m] Mounted Kernel Configuration File System.
[[0;32m  OK  [0m] Mounted FUSE Control File System.
         Starting Flush Journal to Persistent Storage...
[[0;32m  OK  [0m] Started Create Static Device Nodes in /dev.
[[0;32m  OK  [0m] Started Apply Kernel Variables.
[[0;32m  OK  [0m] Started Load/Save Random Seed.
         Starting udev Kernel Device Manager...
[[0;32m  OK  [0m] Reached target Local File Systems (Pre).
[[0;32m  OK  [0m] Reached target Local File Systems.
         Starting Set console font and keymap...
         Starting Tell Plymouth To Write Out Runtime Data...
         Starting AppArmor initialization...
         Starting ebtables ruleset management...
[[0;32m  OK  [0m] Started Set console font and keymap.
[[0;32m  OK  [0m] Started udev Kernel Device Manager.
[[0;32m  OK  [0m] Started Dispatch Password Requests to Console Directory Watch.
[[0;32m  OK  [0m] Reached target Local Encrypted Volumes.
[[0;32m  OK  [0m] Started Tell Plymouth To Write Out Runtime Data.
[[0;32m  OK  [0m] Found device /dev/ttyS0.
[[0;32m  OK  [0m] Started ebtables ruleset management.
[[0;32m  OK  [0m] Listening on Load/Save RF Kill Switch Status /dev/rfkill Watch.
[[0;32m  OK  [0m] Started Flush Journal to Persistent Storage.
         Starting Create Volatile Files and Directories...
[[0;32m  OK  [0m] Started Create Volatile Files and Directories.
         Starting Update UTMP about System Boot/Shutdown...
[[0;32m  OK  [0m] Started Update UTMP about System Boot/Shutdown.
[[0;32m  OK  [0m] Started AppArmor initialization.
[   14.136376] cloud-init[437]: Cloud-init v. 18.5-45-g3554ffe8-0ubuntu1~18.04.1 running 'init-local' at Sat, 06 Apr 2019 11:09:09 +0000. Up 13.96 seconds.
[[0;32m  OK  [0m] Started Initial cloud-init job (pre-networking).
[[0;32m  OK  [0m] Reached target Network (Pre).
         Starting Network Service...
[[0;32m  OK  [0m] Started Network Service.
         Starting Wait for Network to be Configured...
         Starting Network Name Resolution...
[[0;32m  OK  [0m] Started Network Name Resolution.
[[0;32m  OK  [0m] Reached target Network.
[[0;32m  OK  [0m] Reached target Host and Network Name Lookups.
[[0;32m  OK  [0m] Started Wait for Network to be Configured.
         Starting Initial cloud-init job (metadata service crawler)...
[   16.153113] cloud-init[703]: Cloud-init v. 18.5-45-g3554ffe8-0ubuntu1~18.04.1 running 'init' at Sat, 06 Apr 2019 11:09:11 +0000. Up 16.02 seconds.
[   16.171066] cloud-init[703]: ci-info: ++++++++++++++++++++++++++++++++++++++Net device info+++++++++++++++++++++++++++++++++++++++
[   16.199370] cloud-init[703]: ci-info: +--------+------+-----------------------------+---------------+--------+-------------------+
[   16.202891] cloud-init[703]: ci-info: | Device |  Up  |           Address           |      Mask     | Scope  |     Hw-Address    |
[   16.256676] cloud-init[703]: ci-info: +--------+------+-----------------------------+---------------+--------+-------------------+
[   16.259558] cloud-init[703]: ci-info: | enp0s3 | True |          10.0.2.15          | 255.255.255.0 | global | 02:1e:30:9c:a3:c0 |
[   16.288918] cloud-init[703]: ci-info: | enp0s3 | True |  fe80::1e:30ff:fe9c:a3c0/64 |       .       |  link  | 02:1e:30:9c:a3:c0 |
[   16.304558] cloud-init[703]: ci-info: | enp0s8 | True |        192.168.33.10        | 255.255.255.0 | global | 08:00:27:cc:de:b0 |
[   16.309100] cloud-init[703]: ci-info: | enp0s8 | True | fe80::a00:27ff:fecc:deb0/64 |       .       |  link  | 08:00:27:cc:de:b0 |
[[0;32m  OK  [0m] Started Initial cloud-init job (metadata service crawler).
[[0;32m  OK  [0m] Reached target Network is Online.
[   16.398959] cloud-init[703]: ci-info: |   lo   | True |          127.0.0.1          |   255.0.0.0   |  host  |         .         |
[   16.405390] cloud-init[703]: ci-info: |   lo   | True |           ::1/128           |       .       |  host  |         .         |
[   16.409366] cloud-init[703]: ci-info: +--------+------+-----------------------------+---------------+--------+-------------------+
         Starting Availability of block devices...
[[0;32m  OK  [0m] Reached target Remote File Systems (Pre).
[   16.435301] cloud-init[703]: ci-info: +++++++++++++++++++++++++++++Route IPv4 info+++++++++++++++++++++++++++++
[   16.475946] cloud-init[703]: ci-info: +-------+--------------+----------+-----------------+-----------+-------+
[   16.529761] cloud-init[703]: ci-info: | Route | Destination  | Gateway  |     Genmask     | Interface | Flags |
[[0;32m  OK  [0m] Reached target Remote File Systems.
[[0;32m  OK  [0m] Reached target Cloud-config availability.
[[0;32m  OK  [0m] Reached target System Initialization.
[   16.591860] cloud-init[703]: ci-info: +-------+--------------+----------+-----------------+-----------+-------+
[   16.761332] cloud-init[703]: ci-info: |   0   |   0.0.0.0    | 10.0.2.2 |     0.0.0.0     |   enp0s3  |   UG  |
[[   16.829608] cloud-init[703]: ci-info: |   1   |   10.0.2.0   | 0.0.0.0  |  255.255.255.0  |   enp0s3  |   U   |
[   16.830366] cloud-init[703]: ci-info: |   2   |   10.0.2.2   | 0.0.0.0  | 255.255.255.255 |   enp0s3  |   UH  |
[   16.830699] cloud-init[703]: ci-info: |   3   | 192.168.33.0 | 0.0.0.0  |  255.255.255.0  |   enp0s8  |   U   |
[   16.831077] cloud-init[703]: ci-info: +-------+--------------+----------+-----------------+-----------+-------+
[0;32m  OK  [0m] Started Discard unused blocks once a week.
[   16.832166] cloud-init[703]: ci-info: +++++++++++++++++++Route IPv6 info+++++++++++++++++++
[[0;32m  OK  [0m] Started Daily Cleanup of Temporary Directories.
[   16.939207] cloud-init[703]: ci-info: +-------+-------------+---------+-----------+-------+
[   16.989476] cloud-init[703]: ci-info: | Route | Destination | Gateway | Interface | Flags |
[   16.990118] cloud-init[703]: ci-info: +-------+-------------+---------+-----------+-------+
[   16.990729] cloud-init[703]: ci-info: |   1   |  fe80::/64  |    ::   |   enp0s8  |   U   |
[   16.991451] cloud-init[703]: ci-info: |   2   |  fe80::/64  |    ::   |   enp0s3  |   U   |
[   16.991911] cloud-init[703]: ci-info: |   4   |    local    |    ::   |   enp0s3  |   U   |
[   16.992924] cloud-init[703]: ci-info: |   5   |    local    |    ::   |   enp0s8  |   U   |
[   16.993322] cloud-init[703]: ci-info: |   6   |   ff00::/8  |    ::   |   enp0s8  |   U   |
[   16.993724] cloud-init[703]: ci-info: |   7   |   ff00::/8  |    ::   |   enp0s3  |   U   |
[   16.994135] cloud-init[703]: ci-info: +-------+-------------+---------+-----------+-------+
[[0;32m  OK  [0m] Started Daily apt download activities.
[[0;32m  OK  [0m] Started Daily apt upgrade and clean activities.
[[0;32m  OK  [0m] Listening on ACPID Listen Socket.
[[0;32m  OK  [0m] Started Message of the Day.
         Starting Socket activation for snappy daemon.
[[0;32m  OK  [0m] Listening on D-Bus System Message Bus Socket.
[[0;32m  OK  [0m] Listening on UUID daemon activation socket.
[[0;32m  OK  [0m] Started ACPI Events Check.
[[0;32m  OK  [0m] Reached target Paths.
[[0;32m  OK  [0m] Listening on Open-iSCSI iscsid Socket.
[[0;32m  OK  [0m] Reached target Timers.
         Starting LXD - unix socket.
[[0;32m  OK  [0m] Started Availability of block devices.
[[0;32m  OK  [0m] Listening on Socket activation for snappy daemon.
[[0;32m  OK  [0m] Listening on LXD - unix socket.
[[0;32m  OK  [0m] Reached target Sockets.
[[0;32m  OK  [0m] Reached target Basic System.
         Starting LSB: Record successful boot for GRUB...
         Starting LXD - container startup/shutdown...
         Starting Dispatcher daemon for systemd-networkd...
         Starting vboxadd.service...
[[0;32m  OK  [0m] Started Deferred execution scheduler.
[[0;32m  OK  [0m] Started Regular background program processing daemon.
         Starting Login Service...
[[0;32m  OK  [0m] Started D-Bus System Message Bus.
         Starting Permit User Sessions...
         Starting LSB: automatic crash report generation...
         Starting Snappy daemon...
[[0;32m  OK  [0m] Started FUSE filesystem for LXC.
         Starting System Logging Service...
         Starting Accounts Service...
[[0;32m  OK  [0m] Started irqbalance daemon.
         Starting OpenBSD Secure Shell server...
[[0;32m  OK  [0m] Started System Logging Service.
[[0;32m  OK  [0m] Started LXD - container startup/shutdown.
[[0;32m  OK  [0m] Started Permit User Sessions.
[[0;32m  OK  [0m] Started Login Service.
[[0;32m  OK  [0m] Started Dispatcher daemon for systemd-networkd.
[[0;32m  OK  [0m] Started Snappy daemon.
         Starting Wait until snapd is fully seeded...
         Starting Authorization Manager...
[[0;32m  OK  [0m] Started Unattended Upgrades Shutdown.
         Starting Hold until boot process finishes up...
         Starting Terminate Plymouth Boot Screen...
[[0;32m  OK  [0m] Started Hold until boot process finishes up.
         Starting Set console scheme...
[[0;32m  OK  [0m] Started Serial Getty on ttyS0.
[[0;32m  OK  [0m] Started Terminate Plymouth Boot Screen.
[[0;32m  OK  [0m] Started OpenBSD Secure Shell server.
[[0;32m  OK  [0m] Started Authorization Manager.
[[0;32m  OK  [0m] Started Accounts Service.
[[0;32m  OK  [0m] Started Set console scheme.
[[0;32m  OK  [0m] Created slice system-getty.slice.
[[0;32m  OK  [0m] Started Getty on tty1.
[[0;32m  OK  [0m] Reached target Login Prompts.
[[0;32m  OK  [0m] Started Wait until snapd is fully seeded.
         Starting Apply the settings specified in cloud-config...
[[0;32m  OK  [0m] Started LSB: Record successful boot for GRUB.
[[0;32m  OK  [0m] Started LSB: automatic crash report generation.
[[0;32m  OK  [0m] Started vboxadd.service.
         Starting vboxadd-service.service...
[[0;32m  OK  [0m] Started vboxadd-service.service.
[[0;32m  OK  [0m] Reached target Multi-User System.
[[0;32m  OK  [0m] Reached target Graphical Interface.
         Starting Update UTMP about System Runlevel Changes...
[[0;32m  OK  [0m] Started Update UTMP about System Runlevel Changes.
[   18.860329] cloud-init[1104]: Cloud-init v. 18.5-45-g3554ffe8-0ubuntu1~18.04.1 running 'modules:config' at Sat, 06 Apr 2019 11:09:13 +0000. Up 18.77 seconds.
[[0;32m  OK  [0m] Started Apply the settings specified in cloud-config.
         Starting Execute cloud user/final scripts...
[   19.328917] cloud-init[1196]: Cloud-init v. 18.5-45-g3554ffe8-0ubuntu1~18.04.1 running 'modules:final' at Sat, 06 Apr 2019 11:09:14 +0000. Up 19.22 seconds.
[   19.335005] cloud-init[1196]: Cloud-init v. 18.5-45-g3554ffe8-0ubuntu1~18.04.1 finished at Sat, 06 Apr 2019 11:09:14 +0000. Datasource DataSourceNoCloud [seed=/dev/sdb][dsmode=net].  Up 19.32 seconds
[[0;32m  OK  [0m] Started Execute cloud user/final scripts.
[[0;32m  OK  [0m] Reached target Cloud-init target.

Ubuntu 18.04.2 LTS ubuntu-bionic ttyS0

ubuntu-bionic login: 