[    0.000000] Linux version 4.15.0-47-generic (buildd@lgw01-amd64-001) (gcc version 7.3.0 (Ubuntu 7.3.0-16ubuntu3)) #50-Ubuntu SMP Wed r 13 10::5 UTC 29 Ubuntu 4.15.0-47.50-generic 4.15.18)
[    0.000000] Command line: BOOT_IMAGE=/boot/vmlinuz-4.15.0-47-generic root=LABEL=cloudimg-rootfs ro console=tty1 console=ttyS0
[    0.000000] KERNEL supported cpus:
[    0.000000]   Intel GenuineIntel
[    0.000000]   AMD AuthenticAMD
[    0.000000]   Centaur enaurHauls
[    0.000000] x86/fpu: Supporting XSAVE feature 0x001: 'x87 floti pointegsters'
[    0.000000] x86/fpu: Supporting XSAVE feature 0x002: 'SSE registers'
[    0.000000] x86/fpu: Supporting XSAE feture 0x004: 'AVX registers'
[    0.000000] x86/fpu: xstate_offset[2]:  576, xstate_sizes[2]:  256
[    0.000000] x86/fpu: Enabled xstate features 0x7, context size is 832 bytes, using 'standard' format.
[    0.000000] e8: BIOS-providedhysicalRAmap:
[    0.000000] BIOS-e820: [mem 0x0000000000000000-0x000000000009fbff] usable
[    0.000000] BIOS-e820: [mem 0x000000000009fc00-0x000000000009ffff] reserved
[    0.000000] BIOS-e820: [mem 0x00000000000f0000-0x00000000000fffff] reserved
[    0.000000] BIOS-e820: [mem 0x0000000000100000-0x000000003ffeffff] usable
[    0.000000] BIOS-e820: [mem 0x000000003fff0000-0x000000003fffffff] ACPI data
[    0.000000] BIOS-e820: [mem 0x00000000fec00000-0x000000fec0ff reserved
[    0.000000] BIOS-e820: [mem 0x00000000fee00000-0x00000000fee00fff] reserved
[    0.000000] BIOS-e820: [mem 0x00000000fffc000-0x00000000ffffffff] reserved
[    0.000000] NX (Execute Disable) proteion: aciv
[    00000]MBOS 2.5 present.
[    0.000000] DMI: innotek GmbH VirtualBox/VirtualBox, BIOS VirtualBox 12/01/2006
[    0.000000] Hypervisor detected: KVM
[    0.000000] e820: last_pfn = 0x3fff0 max_arch_pfn = 0x400000000
[    0.000000] MTRR: Disabled
[    0.000000] x86/PAT: MTRRs disabled, skipping PAT initialization too.
[    0.000000] CPU MTRRs all blank - virtualized system.
[    0.000000] x86/PAT: Configuration [0-7]: WB  WT  UC- UC  WB  WT  UC- UC  
[    0.000000] found SMP MP-table at [mem 0x0009fff0-0x0009ffff] mapped at [        (ptrval)]
[    0.000000] Scanning 1 areas for low memory corruption
[    0.000000] RAMDISK: [mem 0x359cb000-0x36cdcfff]
[    0.000000] ACPI: Early table checksum verification disabled
[    0.000000] ACPI: RSDP 0x00000000000E0000 000024 (v02 VBOX  )
[    0.000000] ACPI: XSDT 0x000000003FFF0030 00003C (v01 VBOX   VBOXXSDT 00000001 ASL  00000061)
[    0.000000] ACPI: FACP 0x000000003FFF00F0 0000F4 (v04 VBOX   VBOXFACP 00000001 ASL  00000061)
[    0.000000] ACPI: DSDT 0x000000003FFF0470 0021FF (v02 VBOX   VBOXBIOS 00000002 INTL 20100528)
[    0.000000] ACPI: FACS 0x000000003FFF0200 000040
[    0.000000] ACPI: FACS 0x000000003FFF0200 000040
[    0.000000] ACPI: APIC 0x000000003FFF024 0005C (v02 VBOX   VBOXAPIC 00000001 ASL  00000061)
[    0.000000] ACPI: SSDT 0x000000003FFF02A0 0001CC (v01 VBOX   VBOXCPUT 00000002 INTL 20100528)
[    000000] o MA configuratonfound
[    0.0000] Faking a node at [mem 0x0000000000000000-0x000000003ffeffff]
[    0.000000] NODE_DATA(0) allocated [mem 0x3ffc5000-0x3ffeffff]
[    0.000000] kvm-clock: cpu 0, msr 0:3ff44001, primary cpu clock
[    0.000000] kvm-clock: Usinmsrs 4b641 and 4b564d00
[    0.000000] kvm-clock: using sched offset of 5529833713 cycles
[    0.000000] clocksource: kvm-clock: mask: 0xffffffffffffffff max_cycles: 0x1cd42e4dffb, max_idle_ns: 881590591483 ns
[    0.000000] Zone ranges:
[    0.000000]   DMA      [mem 0x0000000000001000-0x0000000000ffffff]
[    0.000000]   DMA32    [mem 0x00000001000000-0x000000003ffeffff]
[    0.000000]   Normal   empty
[    0.00000]  Device   empty
[    0.000000] Movable zone start for each node
[    0.000000] Early memory node ranges
[    0.000000]   node   0: [mem 0x0000000000001000-0x000000000009efff]
[    0.000000]   node   0: [mem 0x0000000000100000-0x000000003ffeffff]
[    0.000000] Reserved but unavailable: 114 pages
[    0.000000] Initmem setup node 0 [mem 0x0000000000001000-0x000000003ffeffff]
[    0.000000] ACPI: PM-Timer IO Port: 0x4008
[    0.000000] IOAPIC[0]: apic_id 2, version 32, address 0xfec00000, GSI 0-23
[    0.000000] ACPI: INT_SRC_OVR (bus 0 bus_irq 0 global_irq 2 dfl dfl)
[    0.000000] ACPI: INT_SRC_OVR (bus 0 bus_irq 9 global_irq 9 low level)
[    0.000000] Using ACPI (MADT) for SMP configuration information
[    0.000000] smpboot: Allowing 2 CPUs, 0 hotplug CPUs
[    0.000000] PM: Registered nosave memory: [mem 0x00000000-0x00000fff]
[    0.000000] PM: Registered nosave memory: [mem 0x0009f000-0x0009ffff]
[    0.000000] PM: Registered nosave memory: [mem 0x000a0000-0x000effff]
[    0.000000] PM: Registered nosave memory: [mem 0x000f0000-0x000fffff]
[    0.000000] e820: [mem 0x40000000-0xfebfffff] available for PCI devices
[    0.000000] Booting paravirtualized kernel on KVM
[    0.000000] clocksource: refined-jiffies: mask: 0xffffffff max_cycles: 0xffffffff, max_idle_ns: 7645519600211568 ns
[    0.000000] random: get_random_bytes called from start_kernel+0x99/0x4fd with crng_init=0
[    0.000000] setup_percpu: NR_CPUS:8192 nr_cpumask_bits:2 nr_cpu_ids:2 nr_de_ids:1
[  0.00000]percpu: Embedded 46 pages/cpu @        (ptrval) s151552 r8192 d28672 u1048576
[    0.000000] PV qspinlock hash table entries: 256 (order: 0, 4096 bytes)
[    0.000000] Built 1 zonelists, mobility grouping on.  Total pages: 257913
[    0.00000] Policy zone: DMA32
[   0.000000] Keel command line: BOOT_IMAGE=/boot/vmlinuz-4.15.047generic root=LABEL=cloudimg-rootfs ro console=tty1 console=ttyS0
[    0.000000] Memory: 983056K/1048120K available (12300K kernel code, 2473K rwdata, 4252K rodata, 2408K init, 2416K bss, 65064K reserved, 0K cma-reserved)
[    0.000000] SLUB: HWalign=64, Order=0-3, MinObjects=0, CPUs=2, Nodes=1
[    0.000000] Kernel/User page tables isolation: enale
[  0000000] face: allocating 39206 entries in 154 pages
[    0.004000] Hierarchical RCU implementation.
[    0.004000] 	RCU restricting CPUs from NR_CPUS=8192 to nr_cpu_ids=2.
[    0.004000] 	Tasks RCU enabled.
[    0.004000] RCU: Adjusting geometry for rcu_fanout_lf=16, nr_cpu_ids=2
[    00400] NR_IRQS: 524544, nr_irqs: 440, prealcated irqs:6
[  0004000] Console clourGA+ 80x25
[    0.004000] console [tty1] eabled
[    004000] console tyS0] enabled
[    0.004000] ACPI: Core revision 20170831
[    0.004000] ACPI: 2 ACPI AML tables successfully acquired and loaded
[    0.004000] APIC Switch to symmetric I/O mode setup
[    0.008302] x2apic enabled
[    0.012010] Switched APIC routing to physical x2apic.
[    0.020752] ..TIMER: vector=0x30 apic1=0 pin1=2 apic2=-1 pin2=-1
[    0.024003] tsc: Detected 2303.998 MHz processor
[    0.028011] Calibrating delay loop (skipped) preset value.. 4607.99 BogoMIPS (lpj=9215992)
[    0.032009] pid_max: default: 32768 minimum: 301
[    0.036045] Security Framework initialized
[    0.037011] Yama: becoming mindful.
[    0.037960] AppArmor: AppArmor initialized
[    0.040042] Dentry cache hash table entries: 131072 (order: 8, 1048576 bytes)
[    0.042390] Inode-cache hash table entries: 65536 (order: 7, 524288 bytes)
[    0.044026] Mount-cache hash table entries: 2048 (order: 2, 16384 bytes)
[    0.048007] Mountpoint-cache hash table entries: 2048 (order: 2, 16384 bytes)
[    0.049995] mce: CPU supports 0 MCE banks
[    0.051200] Last level iTLB entries: 4KB 64, 2MB 8, 4MB 8
[    0.052003] Last level dTLB entries: 4KB 64, 2MB 0, 4MB 0, 1GB 4
[    0.053712] Spectre V2 : Mitigation: Full generic retpoline
[    0.056002] Spectre V2 : Spectre v2 / SpectreRSB mitigation: Filling RSB on context switch
[    0.058365] Speculative Store Bypass: Vulnerable
[    0.060083] Freeing SMP alternatives memory: 36K
[    0.064000] APIC calibration not consistent with PM-Timer: 98ms instead of 100ms
[    0.064000] APIC delta adjusted to PM-Timer: 6250195 (6178099)
[    0.064125] smpboot: CPU0: Intel(R) Core(TM) i5-7360U CPU @ 2.30GHz (family: 0x6, model: 0x8e, stepping: 0x9)
[    0.068086] Performance Events: unsupported p6 CPU model 142 no PMU driver, software events only.
[    0.072069] Hierarchical SRCU implementation.
[    0.076546] NMI watchdog: Perf event create on CPU 0 failed with -2
[    0.080002] NMI watchdog: Perf NMI watchdog permanently disabled
[    0.081780] smp: Bringing up secondary CPUs ...
[    0.083188] x86: Booting SMP configuration:
[    0.084003] .... node  #0, CPUs:      #1
[    0.004000] kvm-clock: cpu 1, msr 0:3ff44041, secondary cpu clock
[    0.004000] mce: CPU supports 0 MCE banks
[    0.092019] smp: Brought up 1 node, 2 CPUs
[    0.092990] smpboot: Max logical packages: 1
[    0.096005] smpboot: Total of 2 processors activated (9215.99 BogoMIPS)
[    0.100139] devtmpfs: initialized
[    0.104053] x86/mm: Memory block size: 128MB
[    0.108121] evm: security.selinux
[    0.112011] evm: security.SMACK64
[    0.116008] evm: security.SMACK64EXEC
[    0.120005] evm: security.SMACK64TRANSMUTE
[    0.124003] evm: security.SMACK64MMAP
[    0.125145] evm: security.apparmor
[    0.126172] evm: security.ima
[    0.127054] evm: security.capability
[    0.128171] clocksource: jiffies: mask: 0xffffffff max_cycles: 0xffffffff, max_idle_ns: 7645041785100000 ns
[    0.130833] futex hash table entries: 512 (order: 3, 32768 bytes)
[    0.132066] pinctrl core: initialized pinctrl subsystem
[    0.136113] RTC time: 10:06:41, date: 04/09/19
[    0.137702] NET: Registered protocol family 16
[    0.140088] audit: initializing netlink subsys (disabled)
[    0.141454] audit: type=2000 audit(1554804404.514:1): state=initialized audit_enabled=0 res=1
[    0.144015] cpuidle: using governor ladder
[    0.148019] cpuidle: using governor menu
[    0.152057] ACPI: bus type PCI registered
[    0.156008] acpiphp: ACPI Hot Plug PCI Controller Driver version: 0.5
[    0.160134] PCI: Using configuration type 1 for base access
[    0.165822] HugeTLB registered 2.00 MiB page size, pre-allocated 0 pages
[    0.168238] ACPI: Added _OSI(Module Device)
[    0.169693] ACPI: Added _OSI(Processor Device)
[    0.172009] ACPI: Added _OSI(3.0 _SCP Extensions)
[    0.173601] ACPI: Added _OSI(Processor Aggregator Device)
[    0.176008] ACPI: Added _OSI(Linux-Dell-Video)
[    0.177763] ACPI: Added _OSI(Linux-Lenovo-NV-HDMI-Audio)
[    0.180009] ACPI: Added _OSI(Linux-HPI-Hybrid-Graphics)
[    0.184570] ACPI: Executed 1 blocks of module-level executable AML code
[    0.192929] ACPI: Interpreter enabled
[    0.196015] ACPI: (supports S0 S5)
[    0.200007] ACPI: Using IOAPIC for interrupt routing
[    0.204233] PCI: Using host bridge windows from ACPI; if necessary, use "pci=nocrs" and report a bug
[    0.208230] ACPI: Enabled 2 GPEs in block 00 to 07
[    0.218611] ACPI: PCI Root Bridge [PCI0] (domain 0000 [bus 00-ff])
[    0.220009] acpi PNP0A03:00: _OSC: OS supports [ASPM ClockPM Segments MSI]
[    0.224030] acpi PNP0A03:00: _OSC: not requesting OS control; OS requires [ExtendedConfig ASPM ClockPM MSI]
[    0.228018] acpi PNP0A03:00: fail to add MMCONFIG information, can't access extended PCI configuration space under this bridge.
[    0.232579] PCI host bridge to bus 0000:00
[    0.236005] pci_bus 0000:00: root bus resource [io  0x0000-0x0cf7 window]
[    0.240004] pci_bus 0000:00: root bus resource [io  0x0d00-0xffff window]
[    0.244004] pci_bus 0000:00: root bus resource [mem 0x000a0000-0x000bffff window]
[    0.248004] pci_bus 0000:00: root bus resource [mem 0x40000000-0xfdffffff window]
[    0.252004] pci_bus 0000:00: root bus resource [bus 00-ff]
[    0.259174] pci 0000:00:01.1: legacy IDE quirk: reg 0x10: [io  0x01f0-0x01f7]
[    0.260003] pci 0000:00:01.1: legacy IDE quirk: reg 0x14: [io  0x03f6]
[    0.264004] pci 0000:00:01.1: legacy IDE quirk: reg 0x18: [io  0x0170-0x0177]
[    0.268004] pci 0000:00:01.1: legacy IDE quirk: reg 0x1c: [io  0x0376]
[    0.289695] pci 0000:00:07.0: quirk: [io  0x4000-0x403f] claimed by PIIX4 ACPI
[    0.292030] pci 0000:00:07.0: quirk: [io  0x4100-0x410f] claimed by PIIX4 SMB
[    0.310140] ACPI: PCI Interrupt Link [LNKA] (IRQs 5 9 10 *11)
[    0.312303] ACPI: PCI Interrupt Link [LNKB] (IRQs 5 9 *10 11)
[    0.316148] ACPI: PCI Interrupt Link [LNKC] (IRQs 5 *9 10 11)
[    0.320196] ACPI: PCI Interrupt Link [LNKD] (IRQs 5 9 10 *11)
[    0.322248] SCSI subsystem initialized
[    0.324057] pci 0000:00:02.0: vgaarb: setting as boot VGA device
[    0.328000] pci 0000:00:02.0: vgaarb: VGA device added: decodes=io+mem,owns=io+mem,locks=none
[    0.328011] pci 0000:00:02.0: vgaarb: bridge control possible
[    0.332008] vgaarb: loaded
[    0.336138] ACPI: bus type USB registered
[    0.344030] usbcore: registered new interface driver usbfs
[    0.348062] usbcore: registered new interface driver hub
[    0.352058] usbcore: registered new device driver usb
[    0.356084] EDAC MC: Ver: 3.0.0
[    0.357460] PCI: Using ACPI for IRQ routing
[    0.360534] NetLabel: Initializing
[    0.364008] NetLabel:  domain hash size = 128
[    0.365463] NetLabel:  protocols = UNLABELED CIPSOv4 CALIPSO
[    0.368039] NetLabel:  unlabeled traffic allowed by default
[    0.372104] clocksource: Switched to clocksource kvm-clock
[    0.399231]VF Dk ot dot.6
  0.96] S:qu-che hash table entries: 512 (order 0, 4096 byt)
[  1.140623] AppArmor: AppArmor Filesystem Enabled
[    1.189681] pnp: PnP ACPI init
[   1.191766] pnp: PnP ACPI: found 3 devices

[   1.228248] cockurce: acpi_pm: mask: 0xffffff max_cycles: 0xffffff, max_idle_ns: 20857014 ns
[    1.363902] NET: Registered protocol family 2

[    1.366593] TCP established hash table entries: 8192 (order: 4, 65536 bytes)
[    1.369666] TCP bind hash table entries: 8192 (order: 5, 131072 bytes)
[    1.371147] TCP: Hash tables configured (established 8192 bind 8192)
[    1.372626] UDP hash table entries: 512 (order: 2, 16384 bytes)
[    1.373969] UDP-Lite hash table entries: 512 (order: 2, 16384 byt)
[    1.419406] NET: Registered protocol family 1
[    1.420475] pci 0000:00:00.0: Limiting direct PCI/PCI transfers
[    1.421865] pci 0000:00:01.0: Activating ISA DMA hang workarounds
[    1.423342] pci 0000:00:02.0: Video device with shaddowed ROM at [mem 0x000c0000-0x000dffff]
[    1.426626] Unpacking initramfs...
[    1.715732] Freeing initrd memory: 19528K
[    1.747144] platform rtc_cmos: registered platform RTC device (no PNP device found)
[    1.749434] Scanning for low memory corruption every 60 seconds
[    1.804017] Initialise system trusted keyrings
[    1.817827] Key type blacklist registered
[    1.856856] workingset: timestamp_bits=36 max_order=18 bucket_order=0
[    1.876072] zbud: loaded
[    1.905849] squashfs: version 4.0 (2009/01/31) Phillip Lougher
[    1.930482] fuse init (API version 7.26)
[    1.975584] Key type asymmetric registered
[    1.976710] Asymmetric key parser 'x509' registered
[    1.978102] Block layer SCSI generic (bsg) driver version 0.4 loaded (major 246)
[    1.993496] io scheduler noop registered
[    2.014779] io scheduler deadline registered
[    2.016082] io scheduler cfq registered (default)
[    2.036402] ACPI: AC Adapter [AC] (on-line)
[    2.043134] input: Power Button as /devices/LNXSYSTM:00/LNXPWRBN:00/input/input0
[    2.045525] ACPI: Power Button [PWRF]
[    2.078618] input: Sleep Button as /devices/LNXSYSTM:00/LNXSLPBN:00/input/input1
[    2.105312] ACPI: Sleep Button [SLPF]
[    2.124231] Serial: 8250/16550 driver, 32 ports, IRQ sharing enabled
[    2.124850] ACPI: Battery Slot [BAT0] (battery present)
[    2.223400] 00:02: ttyS0 at I/O 0x3f8 (irq = 4, base_baud = 115200) is a 16550A
[    2.226497] Linux agpgart interface v0.103
[    2.236561] loop: module loaded
[    2.238141] scsi host0: ata_piix
[    2.239185] scsi host1: ata_piix
[    2.242375] ata1: PATA max UDMA/33 cmd 0x1f0 ctl 0x3f6 bmdma 0xd000 irq 14
[    2.244387] ata2: PATA max UDMA/33 cmd 0x170 ctl 0x376 bmdma 0xd008 irq 15
[    2.246572] libphy: Fixed MDIO Bus: probed
[    2.247682] tun: Universal TUN/TAP device driver, 1.6
[    2.257286] PPP generic driver version 2.4.2
[    2.258574] ehci_hcd: USB 2.0 'Enhanced' Host Controller (EHCI) Driver
[    2.266043] ehci-pci: EHCI PCI platform driver
[    2.267460] ehci-platform: EHCI generic platform driver
[    2.269100] ohci_hcd: USB 1.1 'Open' Host Controller (OHCI) Driver
[    2.278423] ohci-pci: OHCI PCI platform driver
[    2.285775] ohci-platform: OHCI generic platform driver
[    2.287322] uhci_hcd: USB Universal Host Controller Interface driver
[    2.289215] i8042: PNP: PS/2 Controller [PNP0303:PS2K,PNP0f03:PS2M] at 0x60,0x64 irq 1,12
[    2.302907] serio: i8042 KBD port at 0x60,0x64 irq 1
[    2.304396] serio: i8042 AUX port at 0x60,0x64 irq 12
[    2.305926] mousedev: PS/2 mouse device common for all mice
[    2.318761] input: AT Translated Set 2 keyboard as /devices/platform/i8042/serio0/input/input2
[    2.321801] rtc_cmos rtc_cmos: rtc core: registered rtc_cmos as rtc0
[    2.323537] rtc_cmos rtc_cmos: alarms up to one day, 114 bytes nvram
[    2.330697] i2c /dev entries driver
[    2.331733] pcie_mp2_amd: AMD(R) PCI-E MP2 Communication Driver Version: 1.0
[    2.333845] device-mapper: uevent: version 1.0.3
[    2.347248] device-mapper: ioctl: 4.37.0-ioctl (2017-09-20) initialised: dm-devel@redhat.com
[    2.349395] ledtrig-cpu: registered to indicate activity on CPUs
[    2.358758] NET: Registered protocol family 10
[    2.363355] Segment Routing with IPv6
[    2.364383] NET: Registered protocol family 17
[    2.371057] Key type dns_resolver registered
[    2.372388] RAS: Correctable Errors collector initialized.
[    2.382860] sched_clock: Marking stable (2382821586, 0)->(6415951202, -4033129616)
[    2.391280] registered taskstats version 1
[    2.397960] Loading compiled-in X.509 certificates
[    2.401476] Loaded X.509 cert 'Build time autogenerated kernel key: 7211859d1298c08a101905a3cb814e8c7b4bf4a4'
[    2.404409] zswap: loaded using pool lzo/zbud
[    2.409128] Key type big_key registered
[    2.415892] Key type trusted registered
[    2.418613] Key type encrypted registered
[    2.419802] AppArmor: AppArmor sha1 policy hashing enabled
[    2.421434] ima: No TPM chip found, activating TPM-bypass! (rc=-19)
[    2.423120] ima: Allocated hash algorithm: sha1
[    2.429785] evm: HMAC attrs: 0x1
[    2.431113]   Magic number: 15:785:122
[    2.432171] acpi LNXSYBUS:00: hash matches
[    2.444572] rtc_cmos rtc_cmos: setting system clock to 2019-04-09 10:06:44 UTC (1554804404)
[    2.447204] BIOS EDD facility v0.16 2004-Jun-25, 0 devices found
[    2.449364] EDD information not available.
[    2.452895] Freeing unused kernel memory: 2408K
[    2.476360] Write protecting the kernel read-only data: 20480k
[    2.538716] Freeing unused kernel memory: 2008K
[    2.542577] Freeing unused kernel memory: 1892K
[    2.549152] x86/mm: Checked W+X mappings: passed, no W+X pages found.
[    2.569692] x86/mm: Checking user space page tables
[    2.575038] x86/mm: Checked W+X mappings: passed, no W+X pages found.
Loading, please wait...
starting version 237
[    2.675767] e1000: Intel(R) PRO/1000 Network Driver - version 7.3.21-k8-NAPI
[    2.677591] e1000: Copyright (c) 1999-2006 Intel Corporation.
[    2.682584] Fusion MPT base driver 3.04.20
[    2.683663] Copyright (c) 1999-2008 LSI Corporation
[    2.698569] AVX2 version of gcm_enc/dec engaged.
[    2.699899] AES CTR mode by8 optimization enabled
[    2.706254] Fusion MPT SPI Host driver 3.04.20
[    2.719460] vboxvideo: loading out-of-tree module taints kernel.
[    2.721631] vboxvideo: module verification failed: signature and/or required key missing - tainting kernel
[    2.748138] tsc: Refined TSC clocksource calibration: 2304.125 MHz
[    2.750345] clocksource: tsc: mask: 0xffffffffffffffff max_cycles: 0x21366dbc996, max_idle_ns: 440795218058 ns
[    2.943411] input: ImExPS/2 Generic Explorer Mouse as /devices/platform/i8042/serio1/input/input4
[    3.459801] e1000 0000:00:03.0 eth0: (PCI:33MHz:32-bit) 02:1e:30:9c:a3:c0
[    3.698140] e1000 0000:00:03.0 eth0: Intel(R) PRO/1000 Network Connection
[    3.703768] mptbase: ioc0: Initiating bringup
[    3.800260] ioc0: LSI53C1030 A0: Capabilities={Initiator}
[    4.053193] scsi host2: ioc0: LSI53C1030 A0, FwRev=00000000h, Ports=1, MaxQ=256, IRQ=20
[    4.241676] scsi 2:0:0:0: Direct-Access     VBOX     HARDDISK         1.0  PQ: 0 ANSI: 5
[    4.242137] [drm] VRAM 01000000
[    4.242475] [TTM] Zone  kernel: Available graphics memory: 504464 kiB
[    4.242476] [TTM] Initializing pool allocator
[    4.242481] [TTM] Initializing DMA pool allocator
[    4.274628] fbcon: vboxdrmfb (fb0) is primary device
[    4.276161] Console: switching to colour frame buffer device 100x37
[    4.312012] vboxvideo 0000:00:02.0: fb0: vboxdrmfb frame buffer device
[    4.396728] [drm] Initialized vboxvideo 1.0.0 20130823 for 0000:00:02.0 on minor 0
[    4.512899] scsi target2:0:0: Beginning Domain Validation
[    4.522706] scsi target2:0:0: Domain Validation skipping write tests
[    4.524317] scsi target2:0:0: Ending Domain Validation
[    4.527443] scsi target2:0:0: asynchronous
[    4.534186] scsi 2:0:1:0: Direct-Access     VBOX     HARDDISK         1.0  PQ: 0 ANSI: 5
[    4.780135] scsi target2:0:1: Beginning Domain Validation
[    4.782269] random: fast init done
[    4.784339] scsi target2:0:1: Domain Validation skipping write tests
[    4.786214] scsi target2:0:1: Ending Domain Validation
[    4.798903] scsi target2:0:1: asynchronous
[    4.808752] random: systemd-udevd: uninitialized urandom read (16 bytes read)
[    4.814447] sd 2:0:0:0: Attached scsi generic sg0 type 0
[    4.818552] sd 2:0:1:0: Attached scsi generic sg1 type 0
[    4.823399] sd 2:0:0:0: [sda] 20971520 512-byte logical blocks: (10.7 GB/10.0 GiB)
[    4.836269] sd 2:0:1:0: [sdb] 20480 512-byte logical blocks: (10.5 MB/10.0 MiB)
[    4.844007] sd 2:0:1:0: [sdb] Write Protect is off
[    4.850752] random: systemd-udevd: uninitialized urandom read (16 bytes read)
[    4.851461] sd 2:0:1:0: [sdb] Incomplete mode parameter data
[    4.851462] sd 2:0:1:0: [sdb] Assuming drive cache: write through
[    4.871192] random: systemd-udevd: uninitialized urandom read (16 bytes read)
[    4.879295] sd 2:0:0:0: [sda] Write Protect is off
[    4.881316] sd 2:0:0:0: [sda] Incomplete mode parameter data
[    4.884350] sd 2:0:0:0: [sda] Assuming drive cache: write through
[    4.891840]  sda: sda1
[    4.896280] sd 2:0:1:0: [sdb] Attached SCSI disk
[    4.904447] sd 2:0:0:0: [sda] Attached SCSI disk
[    5.006044] e1000 0000:00:08.0 eth1: (PCI:33MHz:32-bit) 08:00:27:cc:de:b0
[    5.026540] e1000 0000:00:08.0 eth1: Intel(R) PRO/1000 Network Connection
[    5.060518] e1000 0000:00:08.0 enp0s8: renamed from eth1
[    5.077171] e1000 0000:00:03.0 enp0s3: renamed from eth0
Begin: Loading essential drivers ... [    5.264364] raid6: sse2x1   gen() 12346 MB/s
[    5.332034] raid6: sse2x1   xor()  8870 MB/s
[    5.384191] raid6: sse2x2   gen() 14075 MB/s
[    5.476031] raid6: sse2x2   xor()  9478 MB/s
[    5.528493] raid6: sse2x4   gen() 16700 MB/s
[    5.580325] raid6: sse2x4   xor() 10459 MB/s
[    5.628025] raid6: avx2x1   gen() 23200 MB/s
[    5.692554] raid6: avx2x1   xor() 16075 MB/s
[    5.740527] raid6: avx2x2   gen() 28483 MB/s
[    5.788581] raid6: avx2x2   xor() 18166 MB/s
[    5.836176] raid6: avx2x4   gen() 30497 MB/s
[    5.888440] raid6: avx2x4   xor() 19077 MB/s
[    5.909668] raid6: using algorithm avx2x4 gen() 30497 MB/s
[    5.988222] raid6: .... xor() 19077 MB/s, rmw enabled
[    6.041971] raid6: using avx2x2 recovery algorithm
[    6.047679] xor: automatically using best checksumming function   avx       
[    6.054247] async_tx: api initialized (async)
done.
Begin: Running /scripts/init-premount ... done.
Begin: Mounting root file system ... Begin: Running /scripts/local-top ... done.
Begin: Running /scripts/local-premount ... [    6.109844] Btrfs loaded, crc32c=crc32c-intel
Scanning for Btrfs filesystems
done.
Warning: fsck not present, so skipping root file[    6.159278] EXT4-fs (sda1): mounted filesystem with ordered data mode. Opts: (null)
 system
done.
Begin: Running /scripts/local-bottom ... done.
Begin: Running /scripts/init-bottom ... done.
[    6.369792] ip_tables: (C) 2000-2006 Netfilter Core Team
[    6.378991] systemd[1]: systemd 237 running in system mode. (+PAM +AUDIT +SELINUX +IMA +APPARMOR +SMACK +SYSVINIT +UTMP +LIBCRYPTSETUP +GCRYPT +GNUTLS +ACL +XZ +LZ4 +SECCOMP +BLKID +ELFUTILS +KMOD -IDN2 +IDN -PCRE2 default-hierarchy=hybrid)
[    6.383991] systemd[1]: Detected virtualization oracle.
[    6.385840] systemd[1]: Detected architecture x86-64.

Welcome to [1mUbuntu 18.04.2 LTS[0m!

[    6.437335] systemd[1]: Set hostname to <ubuntu-bionic>.
[    6.708468] systemd[1]: Reached target System Time Synchronized.
[[0;32m  OK  [0m] Reached target System Time Synchronized.
[    6.711838] systemd[1]: Reached target Swap.
[[0;32m  OK  [0m] Reached target Swap.
[    6.714453] systemd[1]: Started Forward Password Requests to Wall Directory Watch.
[[0;32m  OK  [0m] Started Forward Password Requests to Wall Directory Watch.
[    6.720250] systemd[1]: Created slice User and Session Slice.
[[0;32m  OK  [0m] Created slice User and Session Slice.
[    6.723490] systemd[1]: Set up automount Arbitrary Executable File Formats File System Automount Point.
[[0;32m  OK  [0m] Set up automount Arbitrary Executabâ€¦rmats File System Automount Point.
[    6.728399] systemd[1]: Created slice System Slice.
[[0;32m  OK  [0m] Created slice System Slice.
[[0;32m  OK  [0m] Listening on LVM2 poll daemon socket.
[[0;32m  OK  [0m] Reached target Slices.
[[0;32m  OK  [0m] Listening on Journal Socket.
         Starting Uncomplicated firewall...
         Starting Load Kernel Modules...
         Starting Create list of required stâ€¦ce nodes for the current kernel...
[    6.858148] Loading iSCSI transport class v2.0-870.
[[0;32m  OK  [0m] Listening on LVM[    6.884191] iscsi: registered transport (tcp)
2 metadata daemon socket.
         Mounting Kernel Debug File System...
[[0;32m  OK  [0m] Listening on /dev/initctl Compatibility Named Pipe.
[[0;32m  OK  [0m] Listening on Net[    6.932514] iscsi: registered transport (iser)
work Service Netlink Socket.
[[0;32m  OK  [0m] Created slice system-serial\x2dgetty.slice.
[[0;32m  OK  [0m] Listening on udev Control Socket.
[[0;32m  OK  [0m] Listening on Journal Socket (/dev/log).
[[0;32m  OK  [0m] Listening on Syslog Socket.
         Starting Remount Root and Kernel File Systems...
         Mounting POSIX Message Queue File System...
         Starting Set the console keyboard layout...
[[0;32m  OK  [0m] Listening on udev Kernel Socket.
         Starting udev Coldplug all Devices...
[[0;32m  OK  [0m] [    7.066121] EXT4-fs (sda1): re-mounted. Opts: (null)
Reached target User and Group Name Lookups.
[[0;32m  OK  [0m] Listening on Device-mapper event daemon FIFOs.
         Starting Monitoring of LVM2 mirrorsâ€¦ng dmeventd or progress polling...
         Mounting Huge Pages File System...
[[0;32m  OK  [0m] Listening on Journal Audit Socket.
         Starting Journal Service...
[[0;32m  OK  [0m] Started Uncomplicated firewall.
[[0;32m  OK  [0m] Started Load Kernel Modules.
[[0;32m  OK  [0m] Started Create list of required staâ€¦vice nodes for the current kernel.
[[0;32m  OK  [0m] Mounted Kernel Debug File System.
[[0;32m  OK  [0m] Started Remount Root and Kernel File Systems.
[[0;32m  OK  [0m] Mounted POSIX Message Queue File System.
[[0;32m  OK  [0m] Mounted Huge Pages File System.
[[0;32m  OK  [0m] Started LVM2 metadata daemon.
         Starting Initial cloud-init job (pre-networking)...
         Starting Load/Save Random Seed...
         Starting Create Static Device Nodes in /dev...
         Mounting FUSE Control File System...
         Starting Apply Kernel Variables...
         Mounting Kernel Configuration File System...
[[0;32m  OK  [0m] Started Journal Service.
[[0;32m  OK  [0m] Started Set the console keyboard layout.
[[0;32m  OK  [0m] Started Monitoring of LVM2 mirrors,â€¦sing dmeventd or progress polling.
[[0;32m  OK  [0m] Started udev Coldplug all Devices.
[[0;32m  OK  [0m] Started Load/Save Random Seed.
[[0;32m  OK  [0m] Started Create Static Device Nodes in /dev.
[[0;32m  OK  [0m] Mounted FUSE Control File System.
[[0;32m  OK  [0m] Mounted Kernel Configuration File System.
         Starting udev Kernel Device Manager...
[[0;32m  OK  [0m] Reached target Local File Systems (Pre).
[[0;32m  OK  [0m] Reached target Local File Systems.
         Starting Tell Plymouth To Write Out Runtime Data...
         Starting Set console font and keymap...
         Starting AppArmor initialization...
         Starting ebtables ruleset management...
         Starting Flush Journal to Persistent Storage...
[[0;32m  OK  [0m] Started udev Kernel Device Manager.
[[0;32m  OK  [0m] Started Apply Kernel Variables.
[[0;32m  OK  [0m] Started Dispatch Password Requests to Console Directory Watch.
[[0;32m  OK  [0m] Reached target Local Encrypted Volumes.
[[0;32m  OK  [0m] Started Tell Plymouth To Write Out Runtime Data.
[[0;32m  OK  [0m] Started Set console font and keymap.
[[0;32m  OK  [0m] Found device /dev/ttyS0.
[[0;32m  OK  [0m] Started ebtables ruleset management.
[[0;32m  OK  [0m] Started Flush Journal to Persistent Storage.
         Starting Create Volatile Files and Directories...
[[0;32m  OK  [0m] Started Create Volatile Files and Directories.
         Starting Update UTMP about System Boot/Shutdown...
[[0;32m  OK  [0m] Listening on Load/Save RF Kill Switch Status /dev/rfkill Watch.
[[0;32m  OK  [0m] Started Update UTMP about System Boot/Shutdown.
[[0;32m  OK  [0m] Started AppArmor initialization.
[    8.965607] cloud-init[414]: Cloud-init v. 18.5-45-g3554ffe8-0ubuntu1~18.04.1 running 'init-local' at Tue, 09 Apr 2019 10:06:50 +0000. Up 8.76 seconds.
[[0;32m  OK  [0m] Started Initial cloud-init job (pre-networking).
[[0;32m  OK  [0m] Reached target Network (Pre).
         Starting Network Service...
[[0;32m  OK  [0m] Started Network Service.
         Starting Network Name Resolution...
         Starting Wait for Network to be Configured...
[[0;32m  OK  [0m] Started Network Name Resolution.
[[0;32m  OK  [0m] Reached target Host and Network Name Lookups.
[[0;32m  OK  [0m] Reached target Network.
[[0;32m  OK  [0m] Started Wait for Network to be Configured.
         Starting Initial cloud-init job (metadata service crawler)...
[   11.113487] cloud-init[693]: Cloud-init v. 18.5-45-g3554ffe8-0ubuntu1~18.04.1 running 'init' at Tue, 09 Apr 2019 10:06:53 +0000. Up 10.99 seconds.
[   11.117900] cloud-init[693]: ci-info: ++++++++++++++++++++++++++++++++++++++Net device info+++++++++++++++++++++++++++++++++++++++
[   11.122044] cloud-init[693]: ci-info: +--------+------+-----------------------------+---------------+--------+-------------------+
[   11.126836] cloud-init[693]: ci-info: | Device |  Up  |           Address           |      Mask     | Scope  |     Hw-Address    |
[   11.130897] cloud-init[693]: ci-info: +--------+------+-----------------------------+---------------+--------+-------------------+
[   11.134561] cloud-init[693]: ci-info: | enp0s3 | True |          10.0.2.15          | 255.255.255.0 | global | 02:1e:30:9c:a3:c0 |
[   11.146055] cloud-init[693]: ci-info: | enp0s3 | True |  fe80::1e:30ff:fe9c:a3c0/64 |       .       |  link  | 02:1e:30:9c:a3:c0 |
[   11.157684] cloud-init[693]: ci-info: | enp0s8 | True |        192.168.33.10        | 255.255.255.0 | global | 08:00:27:cc:de:b0 |
[   11.161129] cloud-init[693]: ci-info: | enp0s8 | True | fe80::a00:27ff:fecc:deb0/64 |       .       |  link  | 08:00:27:cc:de:b0 |
[   11.164879] cloud-init[693]: ci-info: |   lo   | True |          127.0.0.1          |   255.0.0.0   |  host  |         .         |
[   11.208792] cloud-init[693]: ci-info: |   lo   | True |           ::1/128           |       .       |  host  |         .         |
[   11.244351] cloud-init[693]: ci-info: +--------+------+-----------------------------+---------------+--------+-------------------+
[[   11.336914] cloud-init[693]: ci-info: +++++++++++++++++++++++++++++Route IPv4 info+++++++++++++++++++++++++++++
[   11.337473] cloud-init[693]: ci-info: +-------+--------------+----------+-----------------+-----------+-------+
[   11.338215] cloud-init[693]: ci-info: | Route | Destination  | Gateway  |     Genmask     | Interface | Flags |
[   11.338494] cloud-init[693]: ci-info: +-------+--------------+----------+-----------------+-----------+-------+
[   11.338796] cloud-init[693]: ci-info: |   0   |   0.0.0.0    | 10.0.2.2 |     0.0.0.0     |   enp0s3  |   UG  |
[   11.339099] cloud-init[693]: ci-info: |   1   |   10.0.2.0   | 0.0.0.0  |  255.255.255.0  |   enp0s3  |   U   |
[   11.339488] cloud-init[693]: ci-info: |   2   |   10.0.2.2   | 0.0.0.0  | 255.255.255.255 |   enp0s3  |   UH  |
[   11.339730] cloud-init[693]: ci-info: |   3   | 192.168.33.0 | 0.0.0.0  |  255.255.255.0  |   enp0s8  |   U   |
[   11.340012] cloud-init[693]: ci-info: +-------+--------------+----------+-----------------+-----------+-------+
[   11.340600] cloud-init[693]: ci-info: +++++++++++++++++++Route IPv6 info+++++++++++++++++++
[   11.340867] cloud-init[693]: ci-info: +-------+-------------+---------+-----------+-------+
[   11.341134] cloud-init[693]: ci-info: | Route | Destination | Gateway | Interface | Flags |
[   11.341418] cloud-init[693]: ci-info: +-------+-------------+---------+-----------+-------+
[   11.341681] cloud-init[693]: ci-info: |   1   |  fe80::/64  |    ::   |   enp0s8  |   U   |
[   11.342047] cloud-init[693]: ci-info: |   2   |  fe80::/64  |    ::   |   enp0s3  |   U   |
[   11.342312] cloud-init[693]: ci-info: |   4   |    local    |    ::   |   enp0s3  |   U   |
[   11.342582] cloud-init[693]: ci-info: |   5   |    local    |    ::   |   enp0s8  |   U   |
[   11.342838] cloud-init[693]: ci-info: |   6   |   ff00::/8  |    ::   |   enp0s8  |   U   |
[   11.343100] cloud-init[693]: ci-info: |   7   |   ff00::/8  |    ::   |   enp0s3  |   U   |
[   11.343361] cloud-init[693]: ci-info: +-------+-------------+---------+-----------+-------+
[0;32m  OK  [0m] Started Initial cloud-init job (metadata service crawler).
[[0;32m  OK  [0m] Reached target Network is Online.
         Starting Availability of block devices...
[[0;32m  OK  [0m] Reached target Remote File Systems (Pre).
[[0;32m  OK  [0m] Reached target Remote File Systems.
[[0;32m  OK  [0m] Reached target Cloud-config availability.
[[0;32m  OK  [0m] Reached target System Initialization.
         Starting Socket activation for snappy daemon.
[[0;32m  OK  [0m] Listening on D-Bus System Message Bus Socket.
[[0;32m  OK  [0m] Started Daily apt download activities.
[[0;32m  OK  [0m] Started Daily apt upgrade and clean activities.
[[0;32m  OK  [0m] Started Message of the Day.
[[0;32m  OK  [0m] Started Daily Cleanup of Temporary Directories.
[[0;32m  OK  [0m] Listening on ACPID Listen Socket.
[[0;32m  OK  [0m] Listening on UUID daemon activation socket.
[[0;32m  OK  [0m] Started ACPI Events Check.
[[0;32m  OK  [0m] Started Discard unused blocks once a week.
[[0;32m  OK  [0m] Reached target Timers.
[[0;32m  OK  [0m] Listening on Open-iSCSI iscsid Socket.
[[0;32m  OK  [0m] Reached target Paths.
         Starting LXD - unix socket.
[[0;32m  OK  [0m] Started Availability of block devices.
[[0;32m  OK  [0m] Listening on Socket activation for snappy daemon.
[[0;32m  OK  [0m] Listening on LXD - unix socket.
[[0;32m  OK  [0m] Reached target Sockets.
[[0;32m  OK  [0m] Reached target Basic System.
         Starting LSB: Record successful boot for GRUB...
         Starting OpenBSD Secure Shell server...
         Starting LSB: automatic crash report generation...
         Starting LXD - container startup/shutdown...
         Starting Permit User Sessions...
[[0;32m  OK  [0m] Started Deferred execution scheduler.
         Starting Accounts Service...
[[0;32m  OK  [0m] Started irqbalance daemon.
[[0;32m  OK  [0m] Started D-Bus System Message Bus.
         Starting System Logging Service...
[[0;32m  OK  [0m] Started Regular background program processing daemon.
[[0;32m  OK  [0m] Started FUSE filesystem for LXC.
         Starting Login Service...
         Starting vboxadd.service...
         Starting Dispatcher daemon for systemd-networkd...
         Starting Snappy daemon...
[[0;32m  OK  [0m] Started System Logging Service.
[[0;32m  OK  [0m] Started LXD - container startup/shutdown.
[[0;32m  OK  [0m] Started OpenBSD Secure Shell server.
[[0;32m  OK  [0m] Started Permit User Sessions.
[[0;32m  OK  [0m] Started Login Service.
[[0;32m  OK  [0m] Started Unattended Upgrades Shutdown.
         Starting Authorization Manager...
         Starting Hold until boot process finishes up...
         Starting Terminate Plymouth Boot Screen...
[[0;32m  OK  [0m] Started Hold until boot process finishes up.
[[0;32m  OK  [0m] Started Terminate Plymouth Boot Screen.
[[0;32m  OK  [0m] Started Serial Getty on ttyS0.
         Starting Set console scheme...
[[0;32m  OK  [0m] Started Set console scheme.
[[0;32m  OK  [0m] Created slice system-getty.slice.
[[0;32m  OK  [0m] Started Getty on tty1.
[[0;32m  OK  [0m] Reached target Login Prompts.
[[0;32m  OK  [0m] Started Authorization Manager.
[[0;32m  OK  [0m] Started Accounts Service.
[[0;32m  OK  [0m] Started LSB: Record successful boot for GRUB.
[[0;32m  OK  [0m] Started Snappy daemon.
[[0;32m  OK  [0m] Started LSB: automatic crash report generation.
         Starting Wait until snapd is fully seeded...
[[0;32m  OK  [0m] Started Wait until snapd is fully seeded.
         Starting Apply the settings specified in cloud-config...
[[0;32m  OK  [0m] Started Dispatcher daemon for systemd-networkd.
[[0;32m  OK  [0m] Started vboxadd.service.
         Starting vboxadd-service.service...
[[0;32m  OK  [0m] Started vboxadd-service.service.
[[0;32m  OK  [0m] Reached target Multi-User System.
[[0;32m  OK  [0m] Reached target Graphical Interface.
         Starting Update UTMP about System Runlevel Changes...
[[0;32m  OK  [0m] Started Update UTMP about System Runlevel Changes.
[[0;32m  OK  [0m] Created slice User Slice of vagrant.
         Starting User Manager for UID 1000...
[[0;32m  OK  [0m] Started Session 1 of user vagrant.
[[0;32m  OK  [0m] Started User Manager for UID 1000.
[   13.509489] cloud-init[1072]: Cloud-init v. 18.5-45-g3554ffe8-0ubuntu1~18.04.1 running 'modules:config' at Tue, 09 Apr 2019 10:06:55 +0000. Up 13.41 seconds.
[[0;32m  OK  [0m] Started Apply the settings specified in cloud-config.
         Starting Execute cloud user/final scripts...
[   14.132656] cloud-init[1258]: Cloud-init v. 18.5-45-g3554ffe8-0ubuntu1~18.04.1 running 'modules:final' at Tue, 09 Apr 2019 10:06:56 +0000. Up 14.04 seconds.
[   14.136549] cloud-init[1258]: Cloud-init v. 18.5-45-g3554ffe8-0ubuntu1~18.04.1 finished at Tue, 09 Apr 2019 10:06:56 +0000. Datasource DataSourceNoCloud [seed=/dev/sdb][dsmode=net].  Up 14.12 seconds
[[0;32m  OK  [0m] Started Execute cloud user/final scripts.
[[0;32m  OK  [0m] Reached target Cloud-init target.

Ubuntu 18.04.2 LTS ubuntu-bionic ttyS0

ubuntu-bionic login: 